16:40:10 **** Incremental Build of configuration Debug for project Pedestrian_Comm_DEMO ****
make -j12 all 
arm-none-eabi-gcc "../Core/Src/main_app.c" -mcpu=cortex-m4 -std=gnu11 -g3 -DDEBUG -DUSE_HAL_DRIVER -DSTM32F407xx -c -I../Core/Inc -I"D:/Bachelor thesis/Workspace/Pedestrian_Comm_DEMO/ThirdParty/SEGGER/config" -I"D:/Bachelor thesis/Workspace/Pedestrian_Comm_DEMO/ThirdParty/SEGGER/OS" -I"D:/Bachelor thesis/Workspace/Pedestrian_Comm_DEMO/ThirdParty/SEGGER/SEGGER" -I"D:/Bachelor thesis/Workspace/Pedestrian_Comm_DEMO/ThirdParty/FreeRTOS/portable/GCC/ARM_CM4F" -I"D:/Bachelor thesis/Workspace/Pedestrian_Comm_DEMO/ThirdParty/FreeRTOS/include" -I../Drivers/STM32F4xx_HAL_Driver/Inc -I../Drivers/STM32F4xx_HAL_Driver/Inc/Legacy -I../Drivers/CMSIS/Device/ST/STM32F4xx/Include -I../Drivers/CMSIS/Include -O0 -ffunction-sections -fdata-sections -Wall -fstack-usage -fcyclomatic-complexity -MMD -MP -MF"Core/Src/main_app.d" -MT"Core/Src/main_app.o" --specs=nano.specs -mfpu=fpv4-sp-d16 -mfloat-abi=hard -mthumb -o "Core/Src/main_app.o"
arm-none-eabi-gcc -o "Pedestrian_Comm_DEMO.elf" @"objects.list"   -mcpu=cortex-m4 -T"D:\Bachelor thesis\Workspace\Pedestrian_Comm_DEMO\STM32F407VGTX_FLASH.ld" --specs=nosys.specs -Wl,-Map="Pedestrian_Comm_DEMO.map" -Wl,--gc-sections -static --specs=nano.specs -mfpu=fpv4-sp-d16 -mfloat-abi=hard -mthumb -Wl,--start-group -lc -lm -Wl,--end-group
Finished building target: Pedestrian_Comm_DEMO.elf
 
arm-none-eabi-size   Pedestrian_Comm_DEMO.elf 
arm-none-eabi-objdump -h -S  Pedestrian_Comm_DEMO.elf  > "Pedestrian_Comm_DEMO.list"
   text	   data	    bss	    dec	    hex	filename
 103484	    124	 128436	 232044	  38a6c	Pedestrian_Comm_DEMO.elf
Finished building: default.size.stdout
 
Finished building: Pedestrian_Comm_DEMO.list
 
