17:33:15 **** Incremental Build of configuration Debug for project CAN_RX_DEMO ****
make -j12 all 
arm-none-eabi-gcc "../Core/Src/main_app.c" -mcpu=cortex-m4 -std=gnu11 -g3 -DDEBUG -DUSE_HAL_DRIVER -DSTM32F407xx -c -I../Core/Inc -I../Drivers/STM32F4xx_HAL_Driver/Inc -I../Drivers/STM32F4xx_HAL_Driver/Inc/Legacy -I../Drivers/CMSIS/Device/ST/STM32F4xx/Include -I../Drivers/CMSIS/Include -O0 -ffunction-sections -fdata-sections -Wall -fstack-usage -fcyclomatic-complexity -MMD -MP -MF"Core/Src/main_app.d" -MT"Core/Src/main_app.o" --specs=nano.specs -mfpu=fpv4-sp-d16 -mfloat-abi=hard -mthumb -o "Core/Src/main_app.o"
arm-none-eabi-gcc -o "CAN_RX_DEMO.elf" @"objects.list"   -mcpu=cortex-m4 -T"D:\Bachelor thesis\Workspace\CAN_RX_DEMO\STM32F407VGTX_FLASH.ld" --specs=nosys.specs -Wl,-Map="CAN_RX_DEMO.map" -Wl,--gc-sections -static --specs=nano.specs -mfpu=fpv4-sp-d16 -mfloat-abi=hard -mthumb -Wl,--start-group -lc -lm -Wl,--end-group
Finished building target: CAN_RX_DEMO.elf
 
arm-none-eabi-size   CAN_RX_DEMO.elf 
arm-none-eabi-objdump -h -S  CAN_RX_DEMO.elf  > "CAN_RX_DEMO.list"
   text	   data	    bss	    dec	    hex	filename
  13544	    112	   1944	  15600	   3cf0	CAN_RX_DEMO.elf
Finished building: default.size.stdout
Finished building: CAN_RX_DEMO.list
 
 
17:33:30 **** Incremental Build of configuration Debug for project CAN_RX_DEMO ****
make -j12 all 
arm-none-eabi-size   CAN_RX_DEMO.elf 
   text	   data	    bss	    dec	    hex	filename
  13544	    112	   1944	  15600	   3cf0	CAN_RX_DEMO.elf
Finished building: default.size.stdout
 
